{
  "$schema": "http://json-schema.org/draft-07/schema#",
  "title": "FlatEnum",
  "type": "object",
  "oneOf": [
    {
      "type": "object",
      "required": [
        "i",
        "A"
      ],
      "properties": {
        "i": {
          "type": "integer",
          "format": "int64"
        },
        "A": {
          "type": "integer",
          "format": "int32"
        }
      },
      "additionalProperties": false
    },
    {
      "type": "object",
      "required": [
        "i",
        "B"
      ],
      "properties": {
        "i": {
          "type": "integer",
          "format": "int64"
        },
        "B": {
          "type": "boolean"
        }
      },
      "additionalProperties": false
    }
  ]
}
